import java.io.FileInputStream
import java.util.Properties

plugins {
    id("com.android.application")
    // The Flutter Gradle Plugin must be applied after the Android and Kotlin Gradle plugins.
    id("dev.flutter.flutter-gradle-plugin")
}

// Release signing: android/key.properties is written by CI from the
// ANDROID_KEYSTORE_* repository secrets (see PUBLISHING.md).
val keyProps = Properties()
val keyPropsFile = rootProject.file("key.properties")
if (keyPropsFile.exists()) {
    FileInputStream(keyPropsFile).use { stream -> keyProps.load(stream) }
}

android {
    namespace = "com.dotstudios.muslic"
    compileSdk = 36
    ndkVersion = flutter.ndkVersion

    compileOptions {
        sourceCompatibility = JavaVersion.VERSION_17
        targetCompatibility = JavaVersion.VERSION_17
    }

    defaultConfig {
        // TODO: Specify your own unique Application ID (https://developer.android.com/studio/build/application-id.html).
        applicationId = "com.dotstudios.muslic"
        // You can update the following values to match your application needs.
        // For more information, see: https://flutter.dev/to/review-gradle-config.
        minSdk = 23
        targetSdk = flutter.targetSdkVersion
        // Uses the version code from pubspec.yaml. When using split APKs, 1000 * ABI_VERSION
        // is added automatically by Flutter. (https://developer.android.com/studio/build/configure-apk-splits#configure-APK-versions)
        // You can force using the value of versionCode by specifying the `-P force-version-code-ignoring-abi=true`
        // flag during build.
        versionCode = flutter.versionCode
        versionName = flutter.versionName
    }

    signingConfigs {
        create("release") {
            if (keyPropsFile.exists()) {
                storeFile = file(keyProps.getProperty("storeFile"))
                storePassword = keyProps.getProperty("storePassword")
                keyAlias = keyProps.getProperty("keyAlias")
                keyPassword = keyProps.getProperty("keyPassword")
            }
        }
    }

    buildTypes {
        release {
            // TODO: Add your own signing config for the release build.
            // Signing with the debug keys for now, so `flutter run --release` works.
            signingConfig = if (keyPropsFile.exists()) signingConfigs.getByName("release") else signingConfigs.getByName("debug")
        }
    }
}

kotlin {
    compilerOptions {
        jvmTarget = org.jetbrains.kotlin.gradle.dsl.JvmTarget.JVM_17
    }
}

flutter {
    source = "../.."
}

configure_android: done
